[  299696ms] [LOG] [Fast Refresh] rebuilding @ webpack-internal:///(app-pages-browser)/./node_modules/next/dist/client/dev/hot-reloader/app/hot-reloader-app.js:196
[  300158ms] [LOG] [Fast Refresh] done in 464ms @ webpack-internal:///(app-pages-browser)/./node_modules/next/dist/client/dev/report-hmr-latency.js:13
[  301917ms] [ERROR] Failed to load resource: the server responded with a status of 500 (Internal Server Error) @ http://localhost:3002/?_rsc=_mjR7ylJSLpkZcZ3:0
[  302219ms] [ERROR] Failed to load resource: the server responded with a status of 500 (Internal Server Error) @ http://localhost:3002/?_rsc=_mjR7ylJSLpkZcZ3:0
[  302703ms] [ERROR] Failed to load resource: the server responded with a status of 500 (Internal Server Error) @ http://localhost:3002/:0
[  303148ms] [INFO] %cDownload the React DevTools for a better development experience: https://react.dev/link/react-devtools font-weight:bold @ webpack-internal:///(pages-dir-browser)/./node_modules/react-dom/cjs/react-dom-client.development.js:28004
[  303266ms] Error: Cannot find module './331.js'
Require stack:
- /Users/bronovito/Documents/Sviluppo-AI/Progetti-Web/gotbun/.next/server/webpack-runtime.js
- /Users/bronovito/Documents/Sviluppo-AI/Progetti-Web/gotbun/.next/server/pages/_document.js
- /Users/bronovito/Documents/Sviluppo-AI/Progetti-Web/gotbun/node_modules/next/dist/server/require.js
- /Users/bronovito/Documents/Sviluppo-AI/Progetti-Web/gotbun/node_modules/next/dist/server/load-components.js
- /Users/bronovito/Documents/Sviluppo-AI/Progetti-Web/gotbun/node_modules/next/dist/build/utils.js
- /Users/bronovito/Documents/Sviluppo-AI/Progetti-Web/gotbun/node_modules/next/dist/build/swc/options.js
- /Users/bronovito/Documents/Sviluppo-AI/Progetti-Web/gotbun/node_modules/next/dist/build/swc/index.js
- /Users/bronovito/Documents/Sviluppo-AI/Progetti-Web/gotbun/node_modules/next/dist/build/next-config-ts/transpile-config.js
- /Users/bronovito/Documents/Sviluppo-AI/Progetti-Web/gotbun/node_modules/next/dist/server/config.js
- /Users/bronovito/Documents/Sviluppo-AI/Progetti-Web/gotbun/node_modules/next/dist/server/next.js
- /Users/bronovito/Documents/Sviluppo-AI/Progetti-Web/gotbun/node_modules/next/dist/server/lib/start-server.js
    at Module._resolveFilename (node:internal/modules/cjs/loader:1475:15)
    at <unknown> (file:///Users/bronovito/Documents/Sviluppo-AI/Progetti-Web/gotbun/node_modules/next/dist/server/require-hook.js:57:36)
    at wrapResolveFilename (node:internal/modules/cjs/loader:1048:27)
    at defaultResolveImplForCJSLoading (node:internal/modules/cjs/loader:1072:10)
    at resolveForCJSWithHooks (node:internal/modules/cjs/loader:1093:12)
    at Module._load (node:internal/modules/cjs/loader:1261:25)
    at wrapModuleLoad (node:internal/modules/cjs/loader:255:19)
    at Module.require (node:internal/modules/cjs/loader:1575:12)
    at mod.require (file:///Users/bronovito/Documents/Sviluppo-AI/Progetti-Web/gotbun/node_modules/next/dist/server/require-hook.js:68:28)
    at require (node:internal/modules/helpers:191:16)
    at __webpack_require__.f.require (file:///Users/bronovito/Documents/Sviluppo-AI/Progetti-Web/gotbun/.next/server/webpack-runtime.js:190:28)
    at <unknown> (file:///Users/bronovito/Documents/Sviluppo-AI/Progetti-Web/gotbun/.next/server/webpack-runtime.js:103:40)
    at Array.reduce (<anonymous>)
    at __webpack_require__.e (file:///Users/bronovito/Documents/Sviluppo-AI/Progetti-Web/gotbun/.next/server/webpack-runtime.js:102:67)
    at Array.map (<anonymous>)
    at __webpack_require__.X (file:///Users/bronovito/Documents/Sviluppo-AI/Progetti-Web/gotbun/.next/server/webpack-runtime.js:154:22)
    at <unknown> (file:///Users/bronovito/Documents/Sviluppo-AI/Progetti-Web/gotbun/.next/server/app/page.js:2:16130)
    at Object.<anonymous> (file:///Users/bronovito/Documents/Sviluppo-AI/Progetti-Web/gotbun/.next/server/app/page.js:2:16178)
    at Module._compile (node:internal/modules/cjs/loader:1829:14)
    at Module._extensions..js (node:internal/modules/cjs/loader:1969:10)
    at Module.load (node:internal/modules/cjs/loader:1552:32)
    at Module._load (node:internal/modules/cjs/loader:1354:12)
    at wrapModuleLoad (node:internal/modules/cjs/loader:255:19)
    at Module.require (node:internal/modules/cjs/loader:1575:12)
    at mod.require (file:///Users/bronovito/Documents/Sviluppo-AI/Progetti-Web/gotbun/node_modules/next/dist/server/require-hook.js:68:28)
    at require (node:internal/modules/helpers:191:16)
    at requirePage (file:///Users/bronovito/Documents/Sviluppo-AI/Progetti-Web/gotbun/node_modules/next/dist/server/require.js:99:80)
    at loadComponentsImpl (file:///Users/bronovito/Documents/Sviluppo-AI/Progetti-Web/gotbun/node_modules/next/dist/server/load-components.js:132:57)
    at async DevServer.findPageComponentsImpl (file:///Users/bronovito/Documents/Sviluppo-AI/Progetti-Web/gotbun/node_modules/next/dist/server/next-server.js:900:36)
    at async DevServer.findPageComponents (file:///Users/bronovito/Documents/Sviluppo-AI/Progetti-Web/gotbun/node_modules/next/dist/server/dev/next-dev-server.js:706:16)
    at async DevServer.renderPageComponent (file:///Users/bronovito/Documents/Sviluppo-AI/Progetti-Web/gotbun/node_modules/next/dist/server/base-server.js:1468:24)
    at async DevServer.renderToResponseImpl (file:///Users/bronovito/Documents/Sviluppo-AI/Progetti-Web/gotbun/node_modules/next/dist/server/base-server.js:1522:32)
    at async DevServer.pipeImpl (file:///Users/bronovito/Documents/Sviluppo-AI/Progetti-Web/gotbun/node_modules/next/dist/server/base-server.js:1026:25)
    at async NextNodeServer.handleCatchallRenderRequest (file:///Users/bronovito/Documents/Sviluppo-AI/Progetti-Web/gotbun/node_modules/next/dist/server/next-server.js:394:17)
    at async DevServer.handleRequestImpl (file:///Users/bronovito/Documents/Sviluppo-AI/Progetti-Web/gotbun/node_modules/next/dist/server/base-server.js:917:17)
    at async (file:///Users/bronovito/Documents/Sviluppo-AI/Progetti-Web/gotbun/node_modules/next/dist/server/dev/next-dev-server.js:400:20)
    at async Span.traceAsyncFn (file:///Users/bronovito/Documents/Sviluppo-AI/Progetti-Web/gotbun/node_modules/next/dist/trace/trace.js:157:20)
    at async DevServer.handleRequest (file:///Users/bronovito/Documents/Sviluppo-AI/Progetti-Web/gotbun/node_modules/next/dist/server/dev/next-dev-server.js:396:24)
    at async invokeRender (file:///Users/bronovito/Documents/Sviluppo-AI/Progetti-Web/gotbun/node_modules/next/dist/server/lib/router-server.js:240:21)
    at async handleRequest (file:///Users/bronovito/Documents/Sviluppo-AI/Progetti-Web/gotbun/node_modules/next/dist/server/lib/router-server.js:437:24)
    at async requestHandlerImpl (file:///Users/bronovito/Documents/Sviluppo-AI/Progetti-Web/gotbun/node_modules/next/dist/server/lib/router-server.js:485:13)
    at async Server.requestListener (file:///Users/bronovito/Documents/Sviluppo-AI/Progetti-Web/gotbun/node_modules/next/dist/server/lib/start-server.js:226:13)
[  303266ms] [LOG] [HMR] connected @ webpack-internal:///(pages-dir-browser)/./node_modules/next/dist/client/dev/hot-reloader/pages/websocket.js:45
[  303276ms] [ERROR] Failed to load resource: the server responded with a status of 404 (Not Found) @ http://localhost:3002/favicon.ico:0
[  348190ms] [ERROR] WebSocket connection to 'ws://localhost:3002/_next/webpack-hmr' failed: Error in connection establishment: net::ERR_CONNECTION_REFUSED @ webpack-internal:///(pages-dir-browser)/./node_modules/next/dist/client/dev/hot-reloader/pages/websocket.js:88
[  349195ms] [ERROR] WebSocket connection to 'ws://localhost:3002/_next/webpack-hmr' failed: Error in connection establishment: net::ERR_CONNECTION_REFUSED @ webpack-internal:///(pages-dir-browser)/./node_modules/next/dist/client/dev/hot-reloader/pages/websocket.js:88
[  350198ms] [ERROR] WebSocket connection to 'ws://localhost:3002/_next/webpack-hmr' failed: Error in connection establishment: net::ERR_CONNECTION_REFUSED @ webpack-internal:///(pages-dir-browser)/./node_modules/next/dist/client/dev/hot-reloader/pages/websocket.js:88
[  351202ms] [ERROR] WebSocket connection to 'ws://localhost:3002/_next/webpack-hmr' failed: Error in connection establishment: net::ERR_CONNECTION_REFUSED @ webpack-internal:///(pages-dir-browser)/./node_modules/next/dist/client/dev/hot-reloader/pages/websocket.js:88
[  352204ms] [ERROR] WebSocket connection to 'ws://localhost:3002/_next/webpack-hmr' failed: Error in connection establishment: net::ERR_CONNECTION_REFUSED @ webpack-internal:///(pages-dir-browser)/./node_modules/next/dist/client/dev/hot-reloader/pages/websocket.js:88
[  357211ms] [ERROR] WebSocket connection to 'ws://localhost:3002/_next/webpack-hmr' failed: Error in connection establishment: net::ERR_CONNECTION_REFUSED @ webpack-internal:///(pages-dir-browser)/./node_modules/next/dist/client/dev/hot-reloader/pages/websocket.js:88
[  362218ms] [ERROR] WebSocket connection to 'ws://localhost:3002/_next/webpack-hmr' failed: Error in connection establishment: net::ERR_CONNECTION_REFUSED @ webpack-internal:///(pages-dir-browser)/./node_modules/next/dist/client/dev/hot-reloader/pages/websocket.js:88
[  367223ms] [ERROR] WebSocket connection to 'ws://localhost:3002/_next/webpack-hmr' failed: Error in connection establishment: net::ERR_CONNECTION_REFUSED @ webpack-internal:///(pages-dir-browser)/./node_modules/next/dist/client/dev/hot-reloader/pages/websocket.js:88
[  372230ms] [ERROR] WebSocket connection to 'ws://localhost:3002/_next/webpack-hmr' failed: Error in connection establishment: net::ERR_CONNECTION_REFUSED @ webpack-internal:///(pages-dir-browser)/./node_modules/next/dist/client/dev/hot-reloader/pages/websocket.js:88
[  377236ms] [ERROR] WebSocket connection to 'ws://localhost:3002/_next/webpack-hmr' failed: Error in connection establishment: net::ERR_CONNECTION_REFUSED @ webpack-internal:///(pages-dir-browser)/./node_modules/next/dist/client/dev/hot-reloader/pages/websocket.js:88
[  382244ms] [ERROR] WebSocket connection to 'ws://localhost:3002/_next/webpack-hmr' failed: Error in connection establishment: net::ERR_CONNECTION_REFUSED @ webpack-internal:///(pages-dir-browser)/./node_modules/next/dist/client/dev/hot-reloader/pages/websocket.js:88
[  387254ms] [ERROR] WebSocket connection to 'ws://localhost:3002/_next/webpack-hmr' failed: Error in connection establishment: net::ERR_CONNECTION_REFUSED @ webpack-internal:///(pages-dir-browser)/./node_modules/next/dist/client/dev/hot-reloader/pages/websocket.js:88
[  392268ms] [ERROR] WebSocket connection to 'ws://localhost:3002/_next/webpack-hmr' failed: Error in connection establishment: net::ERR_CONNECTION_REFUSED @ webpack-internal:///(pages-dir-browser)/./node_modules/next/dist/client/dev/hot-reloader/pages/websocket.js:88
[  397275ms] [ERROR] WebSocket connection to 'ws://localhost:3002/_next/webpack-hmr' failed: Error in connection establishment: net::ERR_CONNECTION_REFUSED @ webpack-internal:///(pages-dir-browser)/./node_modules/next/dist/client/dev/hot-reloader/pages/websocket.js:88
[  402298ms] [ERROR] WebSocket connection to 'ws://localhost:3002/_next/webpack-hmr' failed: Error in connection establishment: net::ERR_CONNECTION_REFUSED @ webpack-internal:///(pages-dir-browser)/./node_modules/next/dist/client/dev/hot-reloader/pages/websocket.js:88
[  407312ms] [ERROR] WebSocket connection to 'ws://localhost:3002/_next/webpack-hmr' failed: Error in connection establishment: net::ERR_CONNECTION_REFUSED @ webpack-internal:///(pages-dir-browser)/./node_modules/next/dist/client/dev/hot-reloader/pages/websocket.js:88
[  412330ms] [ERROR] WebSocket connection to 'ws://localhost:3002/_next/webpack-hmr' failed: Error in connection establishment: net::ERR_CONNECTION_REFUSED @ webpack-internal:///(pages-dir-browser)/./node_modules/next/dist/client/dev/hot-reloader/pages/websocket.js:88
[  417363ms] [ERROR] WebSocket connection to 'ws://localhost:3002/_next/webpack-hmr' failed: Error in connection establishment: net::ERR_CONNECTION_REFUSED @ webpack-internal:///(pages-dir-browser)/./node_modules/next/dist/client/dev/hot-reloader/pages/websocket.js:88
[  422435ms] [ERROR] WebSocket connection to 'ws://localhost:3002/_next/webpack-hmr' failed: Error in connection establishment: net::ERR_CONNECTION_REFUSED @ webpack-internal:///(pages-dir-browser)/./node_modules/next/dist/client/dev/hot-reloader/pages/websocket.js:88
[  427480ms] [ERROR] WebSocket connection to 'ws://localhost:3002/_next/webpack-hmr' failed: Error in connection establishment: net::ERR_CONNECTION_REFUSED @ webpack-internal:///(pages-dir-browser)/./node_modules/next/dist/client/dev/hot-reloader/pages/websocket.js:88
[  432633ms] [ERROR] WebSocket connection to 'ws://localhost:3002/_next/webpack-hmr' failed: Error in connection establishment: net::ERR_CONNECTION_REFUSED @ webpack-internal:///(pages-dir-browser)/./node_modules/next/dist/client/dev/hot-reloader/pages/websocket.js:88
[  437737ms] [ERROR] WebSocket connection to 'ws://localhost:3002/_next/webpack-hmr' failed: Error in connection establishment: net::ERR_CONNECTION_REFUSED @ webpack-internal:///(pages-dir-browser)/./node_modules/next/dist/client/dev/hot-reloader/pages/websocket.js:88
[  442904ms] [ERROR] WebSocket connection to 'ws://localhost:3002/_next/webpack-hmr' failed: Error in connection establishment: net::ERR_CONNECTION_REFUSED @ webpack-internal:///(pages-dir-browser)/./node_modules/next/dist/client/dev/hot-reloader/pages/websocket.js:88
[  448103ms] [ERROR] WebSocket connection to 'ws://localhost:3002/_next/webpack-hmr' failed: Error in connection establishment: net::ERR_CONNECTION_REFUSED @ webpack-internal:///(pages-dir-browser)/./node_modules/next/dist/client/dev/hot-reloader/pages/websocket.js:88
[  453675ms] [ERROR] WebSocket connection to 'ws://localhost:3002/_next/webpack-hmr' failed: Error in connection establishment: net::ERR_CONNECTION_REFUSED @ webpack-internal:///(pages-dir-browser)/./node_modules/next/dist/client/dev/hot-reloader/pages/websocket.js:88
