[    1573ms] [INFO] %cDownload the React DevTools for a better development experience: https://react.dev/link/react-devtools font-weight:bold @ webpack-internal:///(app-pages-browser)/./node_modules/next/dist/compiled/react-dom/cjs/react-dom-client.development.js:25630
[   78919ms] [LOG] [Fast Refresh] rebuilding @ webpack-internal:///(app-pages-browser)/./node_modules/next/dist/client/dev/hot-reloader/app/hot-reloader-app.js:196
[   79201ms] [LOG] [Fast Refresh] done in 285ms @ webpack-internal:///(app-pages-browser)/./node_modules/next/dist/client/dev/report-hmr-latency.js:13
[  120568ms] [LOG] [Fast Refresh] rebuilding @ webpack-internal:///(app-pages-browser)/./node_modules/next/dist/client/dev/hot-reloader/app/hot-reloader-app.js:196
[  120746ms] [LOG] [Fast Refresh] done in 179ms @ webpack-internal:///(app-pages-browser)/./node_modules/next/dist/client/dev/report-hmr-latency.js:13
[  429870ms] TypeError: Cannot read properties of undefined (reading 'call')
    at options.factory (http://localhost:3001/_next/static/chunks/webpack.js?v=1778925862145:704:31)
    at __webpack_require__ (http://localhost:3001/_next/static/chunks/webpack.js?v=1778925862145:29:33)
    at fn (http://localhost:3001/_next/static/chunks/webpack.js?v=1778925862145:361:21)
    at requireModule (webpack-internal:///(app-pages-browser)/./node_modules/next/dist/compiled/react-server-dom-webpack/cjs/react-server-dom-webpack-client.browser.development.js:100:27)
    at initializeModuleChunk (webpack-internal:///(app-pages-browser)/./node_modules/next/dist/compiled/react-server-dom-webpack/cjs/react-server-dom-webpack-client.browser.development.js:1299:21)
    at readChunk (webpack-internal:///(app-pages-browser)/./node_modules/next/dist/compiled/react-server-dom-webpack/cjs/react-server-dom-webpack-client.browser.development.js:953:11)
    at Object.react_stack_bottom_frame (webpack-internal:///(app-pages-browser)/./node_modules/next/dist/compiled/react-dom/cjs/react-dom-client.development.js:23691:18)
    at resolveLazy (webpack-internal:///(app-pages-browser)/./node_modules/next/dist/compiled/react-dom/cjs/react-dom-client.development.js:5177:16)
    at beginWork (webpack-internal:///(app-pages-browser)/./node_modules/next/dist/compiled/react-dom/cjs/react-dom-client.development.js:10784:24)
    at runWithFiberInDEV (webpack-internal:///(app-pages-browser)/./node_modules/next/dist/compiled/react-dom/cjs/react-dom-client.development.js:872:30)
    at performUnitOfWork (webpack-internal:///(app-pages-browser)/./node_modules/next/dist/compiled/react-dom/cjs/react-dom-client.development.js:15727:22)
    at workLoopConcurrentByScheduler (webpack-internal:///(app-pages-browser)/./node_modules/next/dist/compiled/react-dom/cjs/react-dom-client.development.js:15721:9)
    at renderRootConcurrent (webpack-internal:///(app-pages-browser)/./node_modules/next/dist/compiled/react-dom/cjs/react-dom-client.development.js:15696:15)
    at performWorkOnRoot (webpack-internal:///(app-pages-browser)/./node_modules/next/dist/compiled/react-dom/cjs/react-dom-client.development.js:14990:13)
    at performWorkOnRootViaSchedulerTask (webpack-internal:///(app-pages-browser)/./node_modules/next/dist/compiled/react-dom/cjs/react-dom-client.development.js:16816:7)
    at MessagePort.performWorkUntilDeadline (webpack-internal:///(app-pages-browser)/./node_modules/next/dist/compiled/scheduler/cjs/scheduler.development.js:45:48)
[  733300ms] [LOG] [Fast Refresh] rebuilding @ webpack-internal:///(app-pages-browser)/./node_modules/next/dist/client/dev/hot-reloader/app/hot-reloader-app.js:196
[  734431ms] [ERROR] ./node_modules/next/dist/client/components/metadata/async-metadata.js
Error: 

Caused by:
    0: Failed to read source code from /Users/bronovito/Documents/Sviluppo-AI/Progetti-Web/gotbun/node_modules/next/dist/client/components/metadata/async-metadata.js
    1: No such file or directory (os error 2)

Import trace for requested module:
./node_modules/next/dist/client/components/metadata/async-metadata.js @ webpack-internal:///(app-pages-browser)/./node_modules/next/dist/next-devtools/userspace/app/errors/intercept-console-error.js:56
[  734437ms] [LOG] {file: Object} @ webpack-internal:///(app-pages-browser)/./node_modules/next/dist/compiled/next-devtools/index.js:1630
[  840459ms] [LOG] [Fast Refresh] rebuilding @ webpack-internal:///(app-pages-browser)/./node_modules/next/dist/client/dev/hot-reloader/app/hot-reloader-app.js:196
[  840569ms] [ERROR] ./node_modules/next/dist/client/components/metadata/async-metadata.js
Error: 

Caused by:
    0: Failed to read source code from /Users/bronovito/Documents/Sviluppo-AI/Progetti-Web/gotbun/node_modules/next/dist/client/components/metadata/async-metadata.js
    1: No such file or directory (os error 2)

Import trace for requested module:
./node_modules/next/dist/client/components/metadata/async-metadata.js @ webpack-internal:///(app-pages-browser)/./node_modules/next/dist/next-devtools/userspace/app/errors/intercept-console-error.js:56
[ 1264161ms] [LOG] [Fast Refresh] rebuilding @ webpack-internal:///(app-pages-browser)/./node_modules/next/dist/client/dev/hot-reloader/app/hot-reloader-app.js:196
[ 1264338ms] [ERROR] ./node_modules/next/dist/client/components/metadata/async-metadata.js
Error: 

Caused by:
    0: Failed to read source code from /Users/bronovito/Documents/Sviluppo-AI/Progetti-Web/gotbun/node_modules/next/dist/client/components/metadata/async-metadata.js
    1: No such file or directory (os error 2)

Import trace for requested module:
./node_modules/next/dist/client/components/metadata/async-metadata.js @ webpack-internal:///(app-pages-browser)/./node_modules/next/dist/next-devtools/userspace/app/errors/intercept-console-error.js:56
[ 1346896ms] [LOG] [Fast Refresh] rebuilding @ webpack-internal:///(app-pages-browser)/./node_modules/next/dist/client/dev/hot-reloader/app/hot-reloader-app.js:196
[ 1347810ms] [ERROR] ./node_modules/next/dist/server/app-render/action-utils.js
Error: ENOENT: no such file or directory, open '/Users/bronovito/Documents/Sviluppo-AI/Progetti-Web/gotbun/node_modules/next/dist/server/app-render/action-utils.js'

Import trace for requested module:
./node_modules/next/dist/server/app-render/action-utils.js @ webpack-internal:///(app-pages-browser)/./node_modules/next/dist/next-devtools/userspace/app/errors/intercept-console-error.js:56
[ 1347812ms] [LOG] {file: Object} @ webpack-internal:///(app-pages-browser)/./node_modules/next/dist/compiled/next-devtools/index.js:1630
[ 1350157ms] [LOG] [Fast Refresh] done in 3261ms @ webpack-internal:///(app-pages-browser)/./node_modules/next/dist/client/dev/report-hmr-latency.js:13
[ 1350529ms] [WARNING] [Fast Refresh] performing full reload

Fast Refresh will perform a full reload when you edit a file that's imported by modules outside of the React rendering tree.
You might have a file which exports a React component but also exports a value that is imported by a non-React component file.
Consider migrating the non-React component export to a separate file and importing it into both files.

It is also possible the parent component of the component you edited is a class component, which disables Fast Refresh.
Fast Refresh requires at least one parent function component in your React tree. @ webpack-internal:///(app-pages-browser)/./node_modules/next/dist/client/dev/hot-reloader/app/hot-reloader-app.js:111
[ 1351128ms] [ERROR] ./node_modules/next/dist/server/app-render/action-utils.js
Error: ENOENT: no such file or directory, open '/Users/bronovito/Documents/Sviluppo-AI/Progetti-Web/gotbun/node_modules/next/dist/server/app-render/action-utils.js'

Import trace for requested module:
./node_modules/next/dist/server/app-render/action-utils.js @ webpack-internal:///(app-pages-browser)/./node_modules/next/dist/next-devtools/userspace/app/errors/intercept-console-error.js:56
[ 1351130ms] [LOG] {file: Object} @ webpack-internal:///(app-pages-browser)/./node_modules/next/dist/compiled/next-devtools/index.js:1630
[ 1351178ms] [ERROR] ./node_modules/next/dist/server/app-render/action-utils.js
Error: ENOENT: no such file or directory, open '/Users/bronovito/Documents/Sviluppo-AI/Progetti-Web/gotbun/node_modules/next/dist/server/app-render/action-utils.js'

Import trace for requested module:
./node_modules/next/dist/server/app-render/action-utils.js @ webpack-internal:///(app-pages-browser)/./node_modules/next/dist/next-devtools/userspace/app/errors/intercept-console-error.js:56
[ 1351944ms] [ERROR] Failed to load resource: the server responded with a status of 500 (Internal Server Error) @ http://localhost:3001/:0
[ 1351975ms] [ERROR] Failed to load resource: the server responded with a status of 404 (Not Found) @ http://localhost:3001/favicon.ico:0
