[     216ms] [ERROR] Failed to load resource: the server responded with a status of 500 (Internal Server Error) @ http://localhost:3000/admin:0
[     424ms] [INFO] %cDownload the React DevTools for a better development experience: https://react.dev/link/react-devtools font-weight:bold @ http://localhost:3000/_next/static/chunks/node_modules_react-dom_0bruynb._.js:15305
[     466ms] RangeError: Failed to execute "redirect" on "response": Invalid status code
    at NextResponse.redirect (file:///Users/bronovito/Documents/Sviluppo-AI/Progetti-Web/gotbun/.next/dev/server/chunks/node_modules_next_061vc32._.js:14839:41)
    at proxy (file:///Users/bronovito/Documents/Sviluppo-AI/Progetti-Web/gotbun/.next/dev/server/chunks/[root-of-the-server]__05j4vg0._.js:139:159)
    at async (file:///Users/bronovito/Documents/Sviluppo-AI/Progetti-Web/gotbun/.next/dev/server/chunks/node_modules_next_061vc32._.js:19590:20)
    at async (file:///Users/bronovito/Documents/Sviluppo-AI/Progetti-Web/gotbun/.next/dev/server/chunks/node_modules_next_061vc32._.js:7062:28)
    at async adapter (file:///Users/bronovito/Documents/Sviluppo-AI/Progetti-Web/gotbun/.next/dev/server/chunks/node_modules_next_061vc32._.js:7016:16)
    at async DevServer.runMiddleware (file:///Users/bronovito/Documents/Sviluppo-AI/Progetti-Web/gotbun/node_modules/next/dist/server/next-server.js:1192:26)
    at async DevServer.runMiddleware (file:///Users/bronovito/Documents/Sviluppo-AI/Progetti-Web/gotbun/node_modules/next/dist/server/dev/next-dev-server.js:278:28)
    at async NextNodeServer.handleCatchallMiddlewareRequest (file:///Users/bronovito/Documents/Sviluppo-AI/Progetti-Web/gotbun/node_modules/next/dist/server/next-server.js:392:26)
    at async DevServer.handleRequestImpl (file:///Users/bronovito/Documents/Sviluppo-AI/Progetti-Web/gotbun/node_modules/next/dist/server/base-server.js:941:28)
    at async (file:///Users/bronovito/Documents/Sviluppo-AI/Progetti-Web/gotbun/node_modules/next/dist/server/dev/next-dev-server.js:394:20)
    at async Span.traceAsyncFn (file:///Users/bronovito/Documents/Sviluppo-AI/Progetti-Web/gotbun/node_modules/next/dist/trace/trace.js:164:20)
    at async DevServer.handleRequest (file:///Users/bronovito/Documents/Sviluppo-AI/Progetti-Web/gotbun/node_modules/next/dist/server/dev/next-dev-server.js:390:24)
    at async handleRoute (file:///Users/bronovito/Documents/Sviluppo-AI/Progetti-Web/gotbun/node_modules/next/dist/server/lib/router-utils/resolve-routes.js:366:33)
    at async resolveRoutes (file:///Users/bronovito/Documents/Sviluppo-AI/Progetti-Web/gotbun/node_modules/next/dist/server/lib/router-utils/resolve-routes.js:622:28)
    at async handleRequest (file:///Users/bronovito/Documents/Sviluppo-AI/Progetti-Web/gotbun/node_modules/next/dist/server/lib/router-server.js:314:96)
    at async requestHandlerImpl (file:///Users/bronovito/Documents/Sviluppo-AI/Progetti-Web/gotbun/node_modules/next/dist/server/lib/router-server.js:514:13)
    at async Server.requestListener (file:///Users/bronovito/Documents/Sviluppo-AI/Progetti-Web/gotbun/node_modules/next/dist/server/lib/start-server.js:225:13)
[     480ms] [LOG] [HMR] connected @ http://localhost:3000/_next/static/chunks/node_modules_next_dist_0u_w_5s._.js:1226
[   12625ms] [LOG] [Fast Refresh] rebuilding @ http://localhost:3000/_next/static/chunks/node_modules_next_dist_0u_w_5s._.js:1226
[   12785ms] [LOG] [Fast Refresh] done in 262ms @ http://localhost:3000/_next/static/chunks/node_modules_next_dist_0u_w_5s._.js:1226
